[Bootstrap]
SetupTitle=Instalar
SetupText=Copiando archivos, espere.
CabFile=Parabolick.CAB
Spawn=Setup1.exe
Uninstal=st6unst.exe
TmpDir=msftqws.pdw
Cabs=1

[Bootstrap Files]
File1=@VB6STKIT.DLL,$(WinSysPathSysFile),,,7/28/98 12:00:00 AM,102912,6.0.81.69
File2=@COMCAT.DLL,$(WinSysPathSysFile),$(DLLSelfRegister),,6/1/98 12:00:00 AM,22288,4.71.1460.1
File3=@VB6ES.DLL,$(WinSysPath),,$(Shared),7/28/98 12:00:00 AM,119568,5.0.81.69
File4=@stdole2.tlb,$(WinSysPathSysFile),$(TLBRegister),,2/23/07 7:00:00 PM,17920,3.50.5014.0
File5=@asycfilt.dll,$(WinSysPathSysFile),,,2/23/07 7:00:00 PM,65024,5.1.2600.2180
File6=@olepro32.dll,$(WinSysPathSysFile),$(DLLSelfRegister),,2/23/07 7:00:00 PM,83456,5.1.2600.2180
File7=@oleaut32.dll,$(WinSysPathSysFile),$(DLLSelfRegister),,2/23/07 7:00:00 PM,553472,5.1.2600.2180
File8=@msvbvm60.dll,$(WinSysPathSysFile),$(DLLSelfRegister),,2/23/07 7:00:00 PM,1392671,6.0.96.90

[IconGroups]
Group0=Parabolick
PrivateGroup0=Falso
Parent0=$(Programs)

[Parabolick]
Icon1="Parabolick.exe"
Title1=Parabolick
StartIn1=$(AppPath)

[Setup]
Title=Manager File Transfer by Nordwind Systemz
DefaultDir=$(ProgramFiles)\Parabolick
AppExe=Parabolick.exe
AppToUninstall=Parabolick.exe

[Setup1 Files]
File1=@Reporte.html,$(AppPath),,,4/5/07 1:50:26 AM,1610,0.0.0.0
File2=@Connect.ico,$(AppPath),,,1/1/05 10:20:00 PM,2038,0.0.0.0
File3=@Transmicion.ico,$(AppPath),,,7/31/90 1:31:00 PM,766,0.0.0.0
File4=@TAREA.ICO,$(AppPath),,,8/20/98 10:56:00 AM,1078,0.0.0.0
File5=@SWORD03B.ICO,$(AppPath),,,4/14/96 12:00:00 AM,766,0.0.0.0
File6=@SWORD02D.ICO,$(AppPath),,,4/14/96 12:00:00 AM,766,0.0.0.0
File7=@Surge Protector.ico,$(AppPath),,,7/3/96 12:00:00 PM,2238,0.0.0.0
File8=@Skull Face.ico,$(AppPath),,,7/3/96 12:00:00 PM,2238,0.0.0.0
File9=@Skull 5.ico,$(AppPath),,,7/3/96 12:00:00 PM,2238,0.0.0.0
File10=@SELECT.CUR,$(AppPath),,,4/24/98 1:00:00 PM,326,0.0.0.0
File11=@SATLITE.ICO,$(AppPath),,,7/31/90 5:31:00 AM,766,0.0.0.0
File12=@Rocket.ICO,$(AppPath),,,4/24/98 1:00:00 PM,1078,0.0.0.0
File13=@Reset.ICO,$(AppPath),,,4/13/96 9:00:00 PM,766,0.0.0.0
File14=@recepcion.ICO,$(AppPath),,,4/13/96 9:00:00 PM,766,0.0.0.0
File15=@POINT06.ICO,$(AppPath),,,4/24/98 5:00:00 PM,1078,0.0.0.0
File16=@opciones.ico,$(AppPath),,,5/5/96 3:28:00 AM,3774,0.0.0.0
File17=@NETHOOD.ICO,$(AppPath),,,4/24/98 10:00:00 AM,1078,0.0.0.0
File18=@NET04.ICO,$(AppPath),,,4/24/98 10:00:00 AM,1078,0.0.0.0
File19=@MSGBOX03.ICO,$(AppPath),,,4/24/98 10:00:00 AM,1078,0.0.0.0
File20=@MISC20.ICO,$(AppPath),,,4/24/98 1:00:00 PM,1078,0.0.0.0
File21=@MISC19.ICO,$(AppPath),,,4/24/98 1:00:00 PM,1078,0.0.0.0
File22=@MISC18.ICO,$(AppPath),,,4/24/98 1:00:00 PM,1078,0.0.0.0
File23=@MISC08.ICO,$(AppPath),,,4/24/98 5:00:00 PM,1078,0.0.0.0
File24=@MISC05.ICO,$(AppPath),,,4/24/98 5:00:00 PM,1078,0.0.0.0
File25=@logo.gif,$(AppPath),,,2/16/03 9:30:00 AM,2017,0.0.0.0
File26=@LITENING.ICO,$(AppPath),,,4/24/98 10:00:00 AM,1078,0.0.0.0
File27=@LINK.cur,$(AppPath),,,11/27/97 9:38:00 AM,326,0.0.0.0
File28=@LIGHTON.ICO,$(AppPath),,,4/24/98 10:00:00 AM,1078,0.0.0.0
File29=@INFO.ICO,$(AppPath),,,4/24/98 5:00:00 PM,1846,0.0.0.0
File30=@historial.ICO,$(AppPath),,,4/13/96 10:00:00 PM,766,0.0.0.0
File31=@FOLDRS02.ICO,$(AppPath),,,4/24/98 1:00:00 PM,1078,0.0.0.0
File32=@foco1.ico,$(AppPath),,,10/26/98 2:00:00 AM,2998,0.0.0.0
File33=@Favoritos.ICO,$(AppPath),,,4/24/98 5:00:00 PM,1078,0.0.0.0
File34=@EXIT.ICO,$(AppPath),,,8/20/98 10:55:00 AM,1078,0.0.0.0
File35=@envio.ICO,$(AppPath),,,4/13/96 9:00:00 PM,766,0.0.0.0
File36=@DISK04.ICO,$(AppPath),,,4/24/98 5:00:00 PM,1078,0.0.0.0
File37=@CHECKMRK.ICO,$(AppPath)\img,,,4/24/98 1:00:00 PM,1078,0.0.0.0
File38=@1.ICO,$(AppPath)\img,,,4/24/98 1:00:00 PM,1078,0.0.0.0
File39=@0.ICO,$(AppPath)\img,,,4/24/98 1:00:00 PM,1078,0.0.0.0
File40=@Envio.lst,$(AppPath),,,4/5/07 1:52:22 AM,405,0.0.0.0
File41=@Imprimir.bat,$(AppPath),,,3/18/06 2:46:24 PM,41,0.0.0.0
File42=@Comprimir.bat,$(AppPath)\cmd,,,3/22/06 11:48:56 AM,189,0.0.0.0
File43=@W95MBX01.ICO,$(AppPath),,,4/24/98 10:00:00 AM,1078,0.0.0.0
File44=@Registro.mdb,$(AppPath),,,4/5/07 2:16:47 AM,380928,0.0.0.0
File45=@Registrar_dll.bat,$(AppPath),,,7/4/05 1:25:00 PM,44,0.0.0.0
File46=@Notas.txt,$(AppPath)\dll,,,1/15/06 1:34:00 PM,111,0.0.0.0
File47=@Opc.Rlj,$(AppPath)\dll,,,4/5/07 1:49:22 AM,432,0.0.0.0
File48=@Inicio.html,$(AppPath),,,1/14/06 3:07:00 PM,251,0.0.0.0
File49=@Envios.exe,$(AppPath),,,1/31/06 4:20:00 PM,69632,1.0.0.0
File50=@MDAC_TYP.EXE,$(AppPath),,$(Shared),8/12/98 12:00:00 AM,6477888,4.72.3110.0
File51=@TABCTES.DLL,$(WinSysPath),,$(Shared),7/28/98 12:00:00 AM,21504,6.0.81.63
File52=@TABCTL32.OCX,$(WinSysPath),$(DLLSelfRegister),$(Shared),6/24/98 12:00:00 AM,209192,6.0.81.69
File53=@MSCC2ES.DLL,$(WinSysPath),,$(Shared),7/28/98 12:00:00 AM,60928,6.0.81.63
File54=@MSCOMCT2.OCX,$(WinSysPath),$(DLLSelfRegister),$(Shared),6/26/98 12:00:00 AM,644400,6.0.81.77
File55=@DATGDES.DLL,$(WinSysPath),,$(Shared),7/28/98 12:00:00 AM,30208,6.0.81.63
File56=@MSSTDFMT.DLL,$(WinSysPath),$(DLLSelfRegister),$(Shared),5/23/00 11:45:58 PM,118784,6.0.84.50
File57=@MSDATGRD.OCX,$(WinSysPath),$(DLLSelfRegister),$(Shared),6/24/98 12:00:00 AM,260920,6.0.81.69
File58=@MSCMCES.DLL,$(WinSysPath),,$(Shared),7/28/98 12:00:00 AM,140800,6.0.81.63
File59=@MSCOMCTL.OCX,$(WinSysPath),$(DLLSelfRegister),$(Shared),12/20/02 7:02:44 AM,1077336,6.1.95.45
File60=@WINSKES.DLL,$(WinSysPath),,$(Shared),7/28/98 12:00:00 AM,15360,6.0.81.63
File61=@MSWINSCK.OCX,$(WinSysPath),$(DLLSelfRegister),$(Shared),6/24/98 12:00:00 AM,108336,6.0.81.69
File62=@CMDLGES.DLL,$(WinSysPath),,$(Shared),7/28/98 12:00:00 AM,33280,6.0.81.63
File63=@COMDLG32.OCX,$(WinSysPath),$(DLLSelfRegister),$(Shared),6/24/98 12:00:00 AM,140096,6.0.81.69
File64=@scrrnes.dll,$(WinSysPath),,$(Shared),2/23/07 7:00:00 PM,24626,5.6.0.6626
File65=@msvcrt.dll,$(WinSysPathSysFile),,,2/23/07 7:00:00 PM,343040,7.0.2600.2180
File66=@scrrun.dll,$(WinSysPath),$(DLLSelfRegister),$(Shared),2/23/07 7:00:00 PM,151552,5.6.0.8820
File67=@MSBIND.DLL,$(WinSysPath),$(DLLSelfRegister),$(Shared),6/18/98 12:00:00 AM,77824,6.0.81.69
File68=@DBRPRES.DLL,$(WinSysPath),,$(Shared),7/28/98 12:00:00 AM,33280,6.0.81.63
File69=@MSDBRPTR.DLL,$(WinSysPath),$(DLLSelfRegister),$(Shared),6/18/98 12:00:00 AM,299008,6.0.81.69
File70=@MSDERUN.DLL,$(CommonFiles)\designer,$(DLLSelfRegister),$(Shared),6/9/98 12:00:00 AM,137216,6.0.0.3005
File71=@SystemTray.dll,$(WinSysPath),$(DLLSelfRegister),$(Shared),6/16/05 4:08:00 PM,45056,1.0.0.0
File72=@msado25.tlb,$(WinSysPath),,$(Shared),2/23/07 7:00:00 PM,81920,2.81.1117.0
File73=@wininet.dll,$(WinSysPath),,$(Shared),1/4/07 9:02:17 AM,667648,6.0.2900.3059
File74=@zlib.dll,$(WinSysPath),,$(Shared),3/25/98 8:12:00 PM,53248,1.1.2.0
File75=@Parabolick.exe,$(AppPath),,$(Shared),4/5/07 2:19:26 AM,622592,1.0.0.0

; Puede eliminar las siguientes líneas para obtener espacio adicional 
; con el fin de personalizar este archivo en un disco de instalación completa.
; 
; XXXXXXXXXXXXXXXXXXXXXXXXXXXXXXXXXXXXXXXXXXXXXXXXXXXXXXXXXXXX
; XXXXXXXXXXXXXXXXXXXXXXXXXXXXXXXXXXXXXXXXXXXXXXXXXXXXXXXXXXXX
; XXXXXXXXXXXXXXXXXXXXXXXXXXXXXXXXXXXXXXXXXXXXXXXXXXXXXXXXXXXX
; XXXXXXXXXXXXXXXXXXXXXXXXXXXXXXXXXXXXXXXXXXXXXXXXXXXXXXXXXXXX
; XXXXXXXXXXXXXXXXXXXXXXXXXXXXXXXXXXXXXXXXXXXXXXXXXXXXXXXXXXXX
; XXXXXXXXXXXXXXXXXXXXXXXXXXXXXXXXXXXXXXXXXXXXXXXXXXXXXXXXXXXX
; XXXXXXXXXXXXXXXXXXXXXXXXXXXXXXXXXXXXXXXXXXXXXXXXXXXXXXXXXXXX
; XXXXXXXXXXXXXXXXXXXXXXXXXXXXXXXXXXXXXXXXXXXXXXXXXXXXXXXXXXXX
; XXXXXXXXXXXXXXXXXXXXXXXXXXXXXXXXXXXXXXXXXXXXXXXXXXXXXXXXXXXX
; XXXXXXXXXXXXXXXXXXXXXXXXXXXXXXXXXXXXXXXXXXXXXXXXXXXXXXXXXXXX
; XXXXXXXXXXXXXXXXXXXXXXXXXXXXXXXXXXXXXXXXXXXXXXXXXXXXXXXXXXXX
; XXXXXXXXXXXXXXXXXXXXXXXXXXXXXXXXXXXXXXXXXXXXXXXXXXXXXXXXXXXX
; XXXXXXXXXXXXXXXXXXXXXXXXXXXXXXXXXXXXXXXXXXXXXXXXXXXXXXXXXXXX
; XXXXXXXXXXXXXXXXXXXXXXXXXXXXXXXXXXXXXXXXXXXXXXXXXXXXXXXXXXXX
; XXXXXXXXXXXXXXXXXXXXXXXXXXXXXXXXXXXXXXXXXXXXXXXXXXXXXXXXXXXX
; XXXXXXXXXXXXXXXXXXXXXXXXXXXXXXXXXXXXXXXXXXXXXXXXXXXXXXXXXXXX
; XXXXXXXXXXXXXXXXXXXXXXXXXXXXXXXXXXXXXXXXXXXXXXXXXXXXXXXXXXXX
; XXXXXXXXXXXXXXXXXXXXXXXXXXXXXXXXXXXXXXXXXXXXXXXXXXXXXXXXXXXX
; XXXXXXXXXXXXXXXXXXXXXXXXXXXXXXXXXXXXXXXXXXXXXXXXXXXXXXXXXXXX
; XXXXXXXXXXXXXXXXXXXXXXXXXXXXXXXXXXXXXXXXXXXXXXXXXXXXXXXXXXXX
; XXXXXXXXXXXXXXXXXXXXXXXXXXXXXXXXXXXXXXXXXXXXXXXXXXXXXXXXXXXX
; XXXXXXXXXXXXXXXXXXXXXXXXXXXXXXXXXXXXXXXXXXXXXXXXXXXXXXXXXXXX
; XXXXXXXXXXXXXXXXXXXXXXXXXXXXXXXXXXXXXXXXXXXXXXXXXXXXXXXXXXXX
; XXXXXXXXXXXXXXXXXXXXXXXXXXXXXXXXXXXXXXXXXXXXXXXXXXXXXXXXXXXX
; XXXXXXXXXXXXXXXXXXXXXXXXXXXXXXXXXXXXXXXXXXXXXXXXXXXXXXXXXXXX
; XXXXXXXXXXXXXXXXXXXXXXXXXXXXXXXXXXXXXXXXXXXXXXXXXXXXXXXXXXXX
; XXXXXXXXXXXXXXXXXXXXXXXXXXXXXXXXXXXXXXXXXXXXXXXXXXXXXXXXXXXX
; XXXXXXXXXXXXXXXXXXXXXXXXXXXXXXXXXXXXXXXXXXXXXXXXXXXXXXXXXXXX
; XXXXXXXXXXXXXXXXXXXXXXXXXXXXXXXXXXXXXXXXXXXXXXXXXXXXXXXXXXXX
; XXXXXXXXXXXXXXXXXXXXXXXXXXXXXXXXXXXXXXXXXXXXXXXXXXXXXXXXXXXX
; XXXXXXXXXXXXXXXXXXXXXXXXXXXXXXXXXXXXXXXXXXXXXXXXXXXXXXXXXXXX
; XXXXXXXXXXXXXXXXXXXXXXXXXXXXXXXXXXXXXXXXXXXXXXXXXXXXXXXXXXXX
; XXXXXXXXXXXXXXXXXXXXXXXXXXXXXXXXXXXXXXXXXXXXXXXXXXXXXXXXXXXX
; XXXXXXXXXXXXXXXXXXXXXXXXXXXXXXXXXXXXXXXXXXXXXXXXXXXXXXXXXXXX
; XXXXXXXXXXXXXXXXXXXXXXXXXXXXXXXXXXXXXXXXXXXXXXXXXXXXXXXXXXXX
